>(version 1)
#^ source.kicad-dru meta.version.kicad-dru punctuation.section.parens.begin.kicad-dru
# ^^^^^^^ source.kicad-dru meta.version.kicad-dru keyword.control.version.kicad-dru
#        ^ source.kicad-dru meta.version.kicad-dru
#         ^ source.kicad-dru meta.version.kicad-dru constant.numeric.integer.kicad-dru
#          ^ source.kicad-dru meta.version.kicad-dru punctuation.section.parens.end.kicad-dru
>
># Disallow tracks, vias, zones inside the named keepout area
#^^^^^^^^^^^^^^^^^^^^^^^^^^^^^^^^^^^^^^^^^^^^^^^^^^^^^^^^^^^^ source.kicad-dru comment.line.number-sign.kicad-dru
>(rule "copper keepout"
#^ source.kicad-dru meta.rule.kicad-dru punctuation.section.parens.begin.kicad-dru
# ^^^^ source.kicad-dru meta.rule.kicad-dru keyword.control.rule.kicad-dru
#     ^ source.kicad-dru meta.rule.kicad-dru
#      ^^^^^^^^^^^^^^^^ source.kicad-dru meta.rule.kicad-dru entity.name.section.rule.kicad-dru
>    (constraint disallow track via zone)
#^^^^ source.kicad-dru meta.rule.kicad-dru
#    ^ source.kicad-dru meta.rule.kicad-dru meta.constraint.disallow.kicad-dru punctuation.section.parens.begin.kicad-dru
#     ^^^^^^^^^^ source.kicad-dru meta.rule.kicad-dru meta.constraint.disallow.kicad-dru keyword.control.constraint.kicad-dru
#               ^ source.kicad-dru meta.rule.kicad-dru meta.constraint.disallow.kicad-dru
#                ^^^^^^^^ source.kicad-dru meta.rule.kicad-dru meta.constraint.disallow.kicad-dru support.type.constraint.kicad-dru
#                        ^ source.kicad-dru meta.rule.kicad-dru meta.constraint.disallow.kicad-dru
#                         ^^^^^ source.kicad-dru meta.rule.kicad-dru meta.constraint.disallow.kicad-dru constant.language.disallow-category.kicad-dru
#                              ^ source.kicad-dru meta.rule.kicad-dru meta.constraint.disallow.kicad-dru
#                               ^^^ source.kicad-dru meta.rule.kicad-dru meta.constraint.disallow.kicad-dru constant.language.disallow-category.kicad-dru
#                                  ^ source.kicad-dru meta.rule.kicad-dru meta.constraint.disallow.kicad-dru
#                                   ^^^^ source.kicad-dru meta.rule.kicad-dru meta.constraint.disallow.kicad-dru constant.language.disallow-category.kicad-dru
#                                       ^ source.kicad-dru meta.rule.kicad-dru meta.constraint.disallow.kicad-dru punctuation.section.parens.end.kicad-dru
>    (condition "A.intersectsArea('zone3')"))
#^^^^ source.kicad-dru meta.rule.kicad-dru
#    ^ source.kicad-dru meta.rule.kicad-dru meta.condition.kicad-dru punctuation.section.parens.begin.kicad-dru
#     ^^^^^^^^^ source.kicad-dru meta.rule.kicad-dru meta.condition.kicad-dru keyword.control.condition.kicad-dru
#              ^ source.kicad-dru meta.rule.kicad-dru meta.condition.kicad-dru
#               ^ source.kicad-dru meta.rule.kicad-dru meta.condition.kicad-dru string.quoted.double.kicad-dru meta.embedded.expression.kicad-dru punctuation.definition.string.begin.kicad-dru
#                ^ source.kicad-dru meta.rule.kicad-dru meta.condition.kicad-dru string.quoted.double.kicad-dru meta.embedded.expression.kicad-dru meta.embedded.expression.kicad-dru variable.language.accessor.kicad-dru
#                 ^ source.kicad-dru meta.rule.kicad-dru meta.condition.kicad-dru string.quoted.double.kicad-dru meta.embedded.expression.kicad-dru meta.embedded.expression.kicad-dru punctuation.accessor.kicad-dru
#                  ^^^^^^^^^^^^^^ source.kicad-dru meta.rule.kicad-dru meta.condition.kicad-dru string.quoted.double.kicad-dru meta.embedded.expression.kicad-dru meta.embedded.expression.kicad-dru support.function.kicad-dru
#                                ^ source.kicad-dru meta.rule.kicad-dru meta.condition.kicad-dru string.quoted.double.kicad-dru meta.embedded.expression.kicad-dru meta.embedded.expression.kicad-dru punctuation.section.parens.begin.kicad-dru
#                                 ^ source.kicad-dru meta.rule.kicad-dru meta.condition.kicad-dru string.quoted.double.kicad-dru meta.embedded.expression.kicad-dru meta.embedded.expression.kicad-dru string.quoted.single.kicad-dru punctuation.definition.string.begin.kicad-dru
#                                  ^^^^^ source.kicad-dru meta.rule.kicad-dru meta.condition.kicad-dru string.quoted.double.kicad-dru meta.embedded.expression.kicad-dru meta.embedded.expression.kicad-dru string.quoted.single.kicad-dru
#                                       ^ source.kicad-dru meta.rule.kicad-dru meta.condition.kicad-dru string.quoted.double.kicad-dru meta.embedded.expression.kicad-dru meta.embedded.expression.kicad-dru string.quoted.single.kicad-dru punctuation.definition.string.end.kicad-dru
#                                        ^ source.kicad-dru meta.rule.kicad-dru meta.condition.kicad-dru string.quoted.double.kicad-dru meta.embedded.expression.kicad-dru meta.embedded.expression.kicad-dru punctuation.section.parens.end.kicad-dru
#                                         ^ source.kicad-dru meta.rule.kicad-dru meta.condition.kicad-dru string.quoted.double.kicad-dru meta.embedded.expression.kicad-dru punctuation.definition.string.end.kicad-dru
#                                          ^ source.kicad-dru meta.rule.kicad-dru meta.condition.kicad-dru punctuation.section.parens.end.kicad-dru
#                                           ^ source.kicad-dru meta.rule.kicad-dru punctuation.section.parens.end.kicad-dru
>
># Tighter clearance under a BGA courtyard
#^^^^^^^^^^^^^^^^^^^^^^^^^^^^^^^^^^^^^^^^^ source.kicad-dru comment.line.number-sign.kicad-dru
>(rule "BGA neckdown"
#^ source.kicad-dru meta.rule.kicad-dru punctuation.section.parens.begin.kicad-dru
# ^^^^ source.kicad-dru meta.rule.kicad-dru keyword.control.rule.kicad-dru
#     ^ source.kicad-dru meta.rule.kicad-dru
#      ^^^^^^^^^^^^^^ source.kicad-dru meta.rule.kicad-dru entity.name.section.rule.kicad-dru
>    (constraint track_width (min 0.2mm) (opt 0.25mm))
#^^^^ source.kicad-dru meta.rule.kicad-dru
#    ^ source.kicad-dru meta.rule.kicad-dru meta.constraint.kicad-dru punctuation.section.parens.begin.kicad-dru
#     ^^^^^^^^^^ source.kicad-dru meta.rule.kicad-dru meta.constraint.kicad-dru keyword.control.constraint.kicad-dru
#               ^ source.kicad-dru meta.rule.kicad-dru meta.constraint.kicad-dru
#                ^^^^^^^^^^^ source.kicad-dru meta.rule.kicad-dru meta.constraint.kicad-dru support.type.constraint.kicad-dru
#                           ^ source.kicad-dru meta.rule.kicad-dru meta.constraint.kicad-dru
#                            ^ source.kicad-dru meta.rule.kicad-dru meta.constraint.kicad-dru meta.bound.kicad-dru punctuation.section.parens.begin.kicad-dru
#                             ^^^ source.kicad-dru meta.rule.kicad-dru meta.constraint.kicad-dru meta.bound.kicad-dru keyword.other.bound.kicad-dru
#                                ^ source.kicad-dru meta.rule.kicad-dru meta.constraint.kicad-dru meta.bound.kicad-dru
#                                 ^^^ source.kicad-dru meta.rule.kicad-dru meta.constraint.kicad-dru meta.bound.kicad-dru constant.numeric.kicad-dru
#                                    ^^ source.kicad-dru meta.rule.kicad-dru meta.constraint.kicad-dru meta.bound.kicad-dru keyword.other.unit.kicad-dru
#                                      ^ source.kicad-dru meta.rule.kicad-dru meta.constraint.kicad-dru meta.bound.kicad-dru punctuation.section.parens.end.kicad-dru
#                                       ^ source.kicad-dru meta.rule.kicad-dru meta.constraint.kicad-dru
#                                        ^ source.kicad-dru meta.rule.kicad-dru meta.constraint.kicad-dru meta.bound.kicad-dru punctuation.section.parens.begin.kicad-dru
#                                         ^^^ source.kicad-dru meta.rule.kicad-dru meta.constraint.kicad-dru meta.bound.kicad-dru keyword.other.bound.kicad-dru
#                                            ^ source.kicad-dru meta.rule.kicad-dru meta.constraint.kicad-dru meta.bound.kicad-dru
#                                             ^^^^ source.kicad-dru meta.rule.kicad-dru meta.constraint.kicad-dru meta.bound.kicad-dru constant.numeric.kicad-dru
#                                                 ^^ source.kicad-dru meta.rule.kicad-dru meta.constraint.kicad-dru meta.bound.kicad-dru keyword.other.unit.kicad-dru
#                                                   ^ source.kicad-dru meta.rule.kicad-dru meta.constraint.kicad-dru meta.bound.kicad-dru punctuation.section.parens.end.kicad-dru
#                                                    ^ source.kicad-dru meta.rule.kicad-dru meta.constraint.kicad-dru punctuation.section.parens.end.kicad-dru
>    (constraint clearance (min 0.05mm) (opt 0.08mm))
#^^^^ source.kicad-dru meta.rule.kicad-dru
#    ^ source.kicad-dru meta.rule.kicad-dru meta.constraint.kicad-dru punctuation.section.parens.begin.kicad-dru
#     ^^^^^^^^^^ source.kicad-dru meta.rule.kicad-dru meta.constraint.kicad-dru keyword.control.constraint.kicad-dru
#               ^ source.kicad-dru meta.rule.kicad-dru meta.constraint.kicad-dru
#                ^^^^^^^^^ source.kicad-dru meta.rule.kicad-dru meta.constraint.kicad-dru support.type.constraint.kicad-dru
#                         ^ source.kicad-dru meta.rule.kicad-dru meta.constraint.kicad-dru
#                          ^ source.kicad-dru meta.rule.kicad-dru meta.constraint.kicad-dru meta.bound.kicad-dru punctuation.section.parens.begin.kicad-dru
#                           ^^^ source.kicad-dru meta.rule.kicad-dru meta.constraint.kicad-dru meta.bound.kicad-dru keyword.other.bound.kicad-dru
#                              ^ source.kicad-dru meta.rule.kicad-dru meta.constraint.kicad-dru meta.bound.kicad-dru
#                               ^^^^ source.kicad-dru meta.rule.kicad-dru meta.constraint.kicad-dru meta.bound.kicad-dru constant.numeric.kicad-dru
#                                   ^^ source.kicad-dru meta.rule.kicad-dru meta.constraint.kicad-dru meta.bound.kicad-dru keyword.other.unit.kicad-dru
#                                     ^ source.kicad-dru meta.rule.kicad-dru meta.constraint.kicad-dru meta.bound.kicad-dru punctuation.section.parens.end.kicad-dru
#                                      ^ source.kicad-dru meta.rule.kicad-dru meta.constraint.kicad-dru
#                                       ^ source.kicad-dru meta.rule.kicad-dru meta.constraint.kicad-dru meta.bound.kicad-dru punctuation.section.parens.begin.kicad-dru
#                                        ^^^ source.kicad-dru meta.rule.kicad-dru meta.constraint.kicad-dru meta.bound.kicad-dru keyword.other.bound.kicad-dru
#                                           ^ source.kicad-dru meta.rule.kicad-dru meta.constraint.kicad-dru meta.bound.kicad-dru
#                                            ^^^^ source.kicad-dru meta.rule.kicad-dru meta.constraint.kicad-dru meta.bound.kicad-dru constant.numeric.kicad-dru
#                                                ^^ source.kicad-dru meta.rule.kicad-dru meta.constraint.kicad-dru meta.bound.kicad-dru keyword.other.unit.kicad-dru
#                                                  ^ source.kicad-dru meta.rule.kicad-dru meta.constraint.kicad-dru meta.bound.kicad-dru punctuation.section.parens.end.kicad-dru
#                                                   ^ source.kicad-dru meta.rule.kicad-dru meta.constraint.kicad-dru punctuation.section.parens.end.kicad-dru
>    (condition "A.intersectsCourtyard('U3')"))
#^^^^ source.kicad-dru meta.rule.kicad-dru
#    ^ source.kicad-dru meta.rule.kicad-dru meta.condition.kicad-dru punctuation.section.parens.begin.kicad-dru
#     ^^^^^^^^^ source.kicad-dru meta.rule.kicad-dru meta.condition.kicad-dru keyword.control.condition.kicad-dru
#              ^ source.kicad-dru meta.rule.kicad-dru meta.condition.kicad-dru
#               ^ source.kicad-dru meta.rule.kicad-dru meta.condition.kicad-dru string.quoted.double.kicad-dru meta.embedded.expression.kicad-dru punctuation.definition.string.begin.kicad-dru
#                ^ source.kicad-dru meta.rule.kicad-dru meta.condition.kicad-dru string.quoted.double.kicad-dru meta.embedded.expression.kicad-dru meta.embedded.expression.kicad-dru variable.language.accessor.kicad-dru
#                 ^ source.kicad-dru meta.rule.kicad-dru meta.condition.kicad-dru string.quoted.double.kicad-dru meta.embedded.expression.kicad-dru meta.embedded.expression.kicad-dru punctuation.accessor.kicad-dru
#                  ^^^^^^^^^^^^^^^^^^^ source.kicad-dru meta.rule.kicad-dru meta.condition.kicad-dru string.quoted.double.kicad-dru meta.embedded.expression.kicad-dru meta.embedded.expression.kicad-dru support.function.kicad-dru
#                                     ^ source.kicad-dru meta.rule.kicad-dru meta.condition.kicad-dru string.quoted.double.kicad-dru meta.embedded.expression.kicad-dru meta.embedded.expression.kicad-dru punctuation.section.parens.begin.kicad-dru
#                                      ^ source.kicad-dru meta.rule.kicad-dru meta.condition.kicad-dru string.quoted.double.kicad-dru meta.embedded.expression.kicad-dru meta.embedded.expression.kicad-dru string.quoted.single.kicad-dru punctuation.definition.string.begin.kicad-dru
#                                       ^^ source.kicad-dru meta.rule.kicad-dru meta.condition.kicad-dru string.quoted.double.kicad-dru meta.embedded.expression.kicad-dru meta.embedded.expression.kicad-dru string.quoted.single.kicad-dru
#                                         ^ source.kicad-dru meta.rule.kicad-dru meta.condition.kicad-dru string.quoted.double.kicad-dru meta.embedded.expression.kicad-dru meta.embedded.expression.kicad-dru string.quoted.single.kicad-dru punctuation.definition.string.end.kicad-dru
#                                          ^ source.kicad-dru meta.rule.kicad-dru meta.condition.kicad-dru string.quoted.double.kicad-dru meta.embedded.expression.kicad-dru meta.embedded.expression.kicad-dru punctuation.section.parens.end.kicad-dru
#                                           ^ source.kicad-dru meta.rule.kicad-dru meta.condition.kicad-dru string.quoted.double.kicad-dru meta.embedded.expression.kicad-dru punctuation.definition.string.end.kicad-dru
#                                            ^ source.kicad-dru meta.rule.kicad-dru meta.condition.kicad-dru punctuation.section.parens.end.kicad-dru
#                                             ^ source.kicad-dru meta.rule.kicad-dru punctuation.section.parens.end.kicad-dru
>