>(version 1)
#^ source.kicad-dru meta.version.kicad-dru punctuation.section.parens.begin.kicad-dru
# ^^^^^^^ source.kicad-dru meta.version.kicad-dru keyword.control.version.kicad-dru
#        ^ source.kicad-dru meta.version.kicad-dru
#         ^ source.kicad-dru meta.version.kicad-dru constant.numeric.integer.kicad-dru
#          ^ source.kicad-dru meta.version.kicad-dru punctuation.section.parens.end.kicad-dru
>
># KiCad 11 / master net-chain / high-speed constraints and functions.
#^^^^^^^^^^^^^^^^^^^^^^^^^^^^^^^^^^^^^^^^^^^^^^^^^^^^^^^^^^^^^^^^^^^^^ source.kicad-dru comment.line.number-sign.kicad-dru
># These are NOT in KiCad 10.0.0 stable (a 10.0.0 DRC parser rejects them) —
#^^^^^^^^^^^^^^^^^^^^^^^^^^^^^^^^^^^^^^^^^^^^^^^^^^^^^^^^^^^^^^^^^^^^^^^^^^^ source.kicad-dru comment.line.number-sign.kicad-dru
># verified absent from the 10.0.0 tag, present on master (2026-06-20).
#^^^^^^^^^^^^^^^^^^^^^^^^^^^^^^^^^^^^^^^^^^^^^^^^^^^^^^^^^^^^^^^^^^^^^^ source.kicad-dru comment.line.number-sign.kicad-dru
># Grammar-only coverage: highlighted but deliberately kept OUT of the snippet set.
#^^^^^^^^^^^^^^^^^^^^^^^^^^^^^^^^^^^^^^^^^^^^^^^^^^^^^^^^^^^^^^^^^^^^^^^^^^^^^^^^^^ source.kicad-dru comment.line.number-sign.kicad-dru
>
>(rule "net-chain length budget"
#^ source.kicad-dru meta.rule.kicad-dru punctuation.section.parens.begin.kicad-dru
# ^^^^ source.kicad-dru meta.rule.kicad-dru keyword.control.rule.kicad-dru
#     ^ source.kicad-dru meta.rule.kicad-dru
#      ^^^^^^^^^^^^^^^^^^^^^^^^^ source.kicad-dru meta.rule.kicad-dru entity.name.section.rule.kicad-dru
>    (condition "A.inNetChain('DDR_CMD')")
#^^^^ source.kicad-dru meta.rule.kicad-dru
#    ^ source.kicad-dru meta.rule.kicad-dru meta.condition.kicad-dru punctuation.section.parens.begin.kicad-dru
#     ^^^^^^^^^ source.kicad-dru meta.rule.kicad-dru meta.condition.kicad-dru keyword.control.condition.kicad-dru
#              ^ source.kicad-dru meta.rule.kicad-dru meta.condition.kicad-dru
#               ^ source.kicad-dru meta.rule.kicad-dru meta.condition.kicad-dru string.quoted.double.kicad-dru meta.embedded.expression.kicad-dru punctuation.definition.string.begin.kicad-dru
#                ^ source.kicad-dru meta.rule.kicad-dru meta.condition.kicad-dru string.quoted.double.kicad-dru meta.embedded.expression.kicad-dru meta.embedded.expression.kicad-dru variable.language.accessor.kicad-dru
#                 ^ source.kicad-dru meta.rule.kicad-dru meta.condition.kicad-dru string.quoted.double.kicad-dru meta.embedded.expression.kicad-dru meta.embedded.expression.kicad-dru punctuation.accessor.kicad-dru
#                  ^^^^^^^^^^ source.kicad-dru meta.rule.kicad-dru meta.condition.kicad-dru string.quoted.double.kicad-dru meta.embedded.expression.kicad-dru meta.embedded.expression.kicad-dru support.function.kicad-dru
#                            ^ source.kicad-dru meta.rule.kicad-dru meta.condition.kicad-dru string.quoted.double.kicad-dru meta.embedded.expression.kicad-dru meta.embedded.expression.kicad-dru punctuation.section.parens.begin.kicad-dru
#                             ^ source.kicad-dru meta.rule.kicad-dru meta.condition.kicad-dru string.quoted.double.kicad-dru meta.embedded.expression.kicad-dru meta.embedded.expression.kicad-dru string.quoted.single.kicad-dru punctuation.definition.string.begin.kicad-dru
#                              ^^^^^^^ source.kicad-dru meta.rule.kicad-dru meta.condition.kicad-dru string.quoted.double.kicad-dru meta.embedded.expression.kicad-dru meta.embedded.expression.kicad-dru string.quoted.single.kicad-dru
#                                     ^ source.kicad-dru meta.rule.kicad-dru meta.condition.kicad-dru string.quoted.double.kicad-dru meta.embedded.expression.kicad-dru meta.embedded.expression.kicad-dru string.quoted.single.kicad-dru punctuation.definition.string.end.kicad-dru
#                                      ^ source.kicad-dru meta.rule.kicad-dru meta.condition.kicad-dru string.quoted.double.kicad-dru meta.embedded.expression.kicad-dru meta.embedded.expression.kicad-dru punctuation.section.parens.end.kicad-dru
#                                       ^ source.kicad-dru meta.rule.kicad-dru meta.condition.kicad-dru string.quoted.double.kicad-dru meta.embedded.expression.kicad-dru punctuation.definition.string.end.kicad-dru
#                                        ^ source.kicad-dru meta.rule.kicad-dru meta.condition.kicad-dru punctuation.section.parens.end.kicad-dru
>    (constraint net_chain_length (min 10mm) (max 25mm)))
#^^^^ source.kicad-dru meta.rule.kicad-dru
#    ^ source.kicad-dru meta.rule.kicad-dru meta.constraint.kicad-dru punctuation.section.parens.begin.kicad-dru
#     ^^^^^^^^^^ source.kicad-dru meta.rule.kicad-dru meta.constraint.kicad-dru keyword.control.constraint.kicad-dru
#               ^ source.kicad-dru meta.rule.kicad-dru meta.constraint.kicad-dru
#                ^^^^^^^^^^^^^^^^ source.kicad-dru meta.rule.kicad-dru meta.constraint.kicad-dru support.type.constraint.kicad-dru
#                                ^ source.kicad-dru meta.rule.kicad-dru meta.constraint.kicad-dru
#                                 ^ source.kicad-dru meta.rule.kicad-dru meta.constraint.kicad-dru meta.bound.kicad-dru punctuation.section.parens.begin.kicad-dru
#                                  ^^^ source.kicad-dru meta.rule.kicad-dru meta.constraint.kicad-dru meta.bound.kicad-dru keyword.other.bound.kicad-dru
#                                     ^ source.kicad-dru meta.rule.kicad-dru meta.constraint.kicad-dru meta.bound.kicad-dru
#                                      ^^ source.kicad-dru meta.rule.kicad-dru meta.constraint.kicad-dru meta.bound.kicad-dru constant.numeric.kicad-dru
#                                        ^^ source.kicad-dru meta.rule.kicad-dru meta.constraint.kicad-dru meta.bound.kicad-dru keyword.other.unit.kicad-dru
#                                          ^ source.kicad-dru meta.rule.kicad-dru meta.constraint.kicad-dru meta.bound.kicad-dru punctuation.section.parens.end.kicad-dru
#                                           ^ source.kicad-dru meta.rule.kicad-dru meta.constraint.kicad-dru
#                                            ^ source.kicad-dru meta.rule.kicad-dru meta.constraint.kicad-dru meta.bound.kicad-dru punctuation.section.parens.begin.kicad-dru
#                                             ^^^ source.kicad-dru meta.rule.kicad-dru meta.constraint.kicad-dru meta.bound.kicad-dru keyword.other.bound.kicad-dru
#                                                ^ source.kicad-dru meta.rule.kicad-dru meta.constraint.kicad-dru meta.bound.kicad-dru
#                                                 ^^ source.kicad-dru meta.rule.kicad-dru meta.constraint.kicad-dru meta.bound.kicad-dru constant.numeric.kicad-dru
#                                                   ^^ source.kicad-dru meta.rule.kicad-dru meta.constraint.kicad-dru meta.bound.kicad-dru keyword.other.unit.kicad-dru
#                                                     ^ source.kicad-dru meta.rule.kicad-dru meta.constraint.kicad-dru meta.bound.kicad-dru punctuation.section.parens.end.kicad-dru
#                                                      ^ source.kicad-dru meta.rule.kicad-dru meta.constraint.kicad-dru punctuation.section.parens.end.kicad-dru
#                                                       ^ source.kicad-dru meta.rule.kicad-dru punctuation.section.parens.end.kicad-dru
>
>(rule "net-chain time budget"
#^ source.kicad-dru meta.rule.kicad-dru punctuation.section.parens.begin.kicad-dru
# ^^^^ source.kicad-dru meta.rule.kicad-dru keyword.control.rule.kicad-dru
#     ^ source.kicad-dru meta.rule.kicad-dru
#      ^^^^^^^^^^^^^^^^^^^^^^^ source.kicad-dru meta.rule.kicad-dru entity.name.section.rule.kicad-dru
>    (condition "A.hasNetChain()")
#^^^^ source.kicad-dru meta.rule.kicad-dru
#    ^ source.kicad-dru meta.rule.kicad-dru meta.condition.kicad-dru punctuation.section.parens.begin.kicad-dru
#     ^^^^^^^^^ source.kicad-dru meta.rule.kicad-dru meta.condition.kicad-dru keyword.control.condition.kicad-dru
#              ^ source.kicad-dru meta.rule.kicad-dru meta.condition.kicad-dru
#               ^ source.kicad-dru meta.rule.kicad-dru meta.condition.kicad-dru string.quoted.double.kicad-dru meta.embedded.expression.kicad-dru punctuation.definition.string.begin.kicad-dru
#                ^ source.kicad-dru meta.rule.kicad-dru meta.condition.kicad-dru string.quoted.double.kicad-dru meta.embedded.expression.kicad-dru meta.embedded.expression.kicad-dru variable.language.accessor.kicad-dru
#                 ^ source.kicad-dru meta.rule.kicad-dru meta.condition.kicad-dru string.quoted.double.kicad-dru meta.embedded.expression.kicad-dru meta.embedded.expression.kicad-dru punctuation.accessor.kicad-dru
#                  ^^^^^^^^^^^ source.kicad-dru meta.rule.kicad-dru meta.condition.kicad-dru string.quoted.double.kicad-dru meta.embedded.expression.kicad-dru meta.embedded.expression.kicad-dru support.function.kicad-dru
#                             ^ source.kicad-dru meta.rule.kicad-dru meta.condition.kicad-dru string.quoted.double.kicad-dru meta.embedded.expression.kicad-dru meta.embedded.expression.kicad-dru punctuation.section.parens.begin.kicad-dru
#                              ^ source.kicad-dru meta.rule.kicad-dru meta.condition.kicad-dru string.quoted.double.kicad-dru meta.embedded.expression.kicad-dru meta.embedded.expression.kicad-dru punctuation.section.parens.end.kicad-dru
#                               ^ source.kicad-dru meta.rule.kicad-dru meta.condition.kicad-dru string.quoted.double.kicad-dru meta.embedded.expression.kicad-dru punctuation.definition.string.end.kicad-dru
#                                ^ source.kicad-dru meta.rule.kicad-dru meta.condition.kicad-dru punctuation.section.parens.end.kicad-dru
>    (constraint net_chain_length (max 150ps)))
#^^^^ source.kicad-dru meta.rule.kicad-dru
#    ^ source.kicad-dru meta.rule.kicad-dru meta.constraint.kicad-dru punctuation.section.parens.begin.kicad-dru
#     ^^^^^^^^^^ source.kicad-dru meta.rule.kicad-dru meta.constraint.kicad-dru keyword.control.constraint.kicad-dru
#               ^ source.kicad-dru meta.rule.kicad-dru meta.constraint.kicad-dru
#                ^^^^^^^^^^^^^^^^ source.kicad-dru meta.rule.kicad-dru meta.constraint.kicad-dru support.type.constraint.kicad-dru
#                                ^ source.kicad-dru meta.rule.kicad-dru meta.constraint.kicad-dru
#                                 ^ source.kicad-dru meta.rule.kicad-dru meta.constraint.kicad-dru meta.bound.kicad-dru punctuation.section.parens.begin.kicad-dru
#                                  ^^^ source.kicad-dru meta.rule.kicad-dru meta.constraint.kicad-dru meta.bound.kicad-dru keyword.other.bound.kicad-dru
#                                     ^ source.kicad-dru meta.rule.kicad-dru meta.constraint.kicad-dru meta.bound.kicad-dru
#                                      ^^^ source.kicad-dru meta.rule.kicad-dru meta.constraint.kicad-dru meta.bound.kicad-dru constant.numeric.kicad-dru
#                                         ^^ source.kicad-dru meta.rule.kicad-dru meta.constraint.kicad-dru meta.bound.kicad-dru keyword.other.unit.kicad-dru
#                                           ^ source.kicad-dru meta.rule.kicad-dru meta.constraint.kicad-dru meta.bound.kicad-dru punctuation.section.parens.end.kicad-dru
#                                            ^ source.kicad-dru meta.rule.kicad-dru meta.constraint.kicad-dru punctuation.section.parens.end.kicad-dru
#                                             ^ source.kicad-dru meta.rule.kicad-dru punctuation.section.parens.end.kicad-dru
>
>(rule "stub length limit"
#^ source.kicad-dru meta.rule.kicad-dru punctuation.section.parens.begin.kicad-dru
# ^^^^ source.kicad-dru meta.rule.kicad-dru keyword.control.rule.kicad-dru
#     ^ source.kicad-dru meta.rule.kicad-dru
#      ^^^^^^^^^^^^^^^^^^^ source.kicad-dru meta.rule.kicad-dru entity.name.section.rule.kicad-dru
>    (condition "A.inNetChainClass('HS')")
#^^^^ source.kicad-dru meta.rule.kicad-dru
#    ^ source.kicad-dru meta.rule.kicad-dru meta.condition.kicad-dru punctuation.section.parens.begin.kicad-dru
#     ^^^^^^^^^ source.kicad-dru meta.rule.kicad-dru meta.condition.kicad-dru keyword.control.condition.kicad-dru
#              ^ source.kicad-dru meta.rule.kicad-dru meta.condition.kicad-dru
#               ^ source.kicad-dru meta.rule.kicad-dru meta.condition.kicad-dru string.quoted.double.kicad-dru meta.embedded.expression.kicad-dru punctuation.definition.string.begin.kicad-dru
#                ^ source.kicad-dru meta.rule.kicad-dru meta.condition.kicad-dru string.quoted.double.kicad-dru meta.embedded.expression.kicad-dru meta.embedded.expression.kicad-dru variable.language.accessor.kicad-dru
#                 ^ source.kicad-dru meta.rule.kicad-dru meta.condition.kicad-dru string.quoted.double.kicad-dru meta.embedded.expression.kicad-dru meta.embedded.expression.kicad-dru punctuation.accessor.kicad-dru
#                  ^^^^^^^^^^^^^^^ source.kicad-dru meta.rule.kicad-dru meta.condition.kicad-dru string.quoted.double.kicad-dru meta.embedded.expression.kicad-dru meta.embedded.expression.kicad-dru support.function.kicad-dru
#                                 ^ source.kicad-dru meta.rule.kicad-dru meta.condition.kicad-dru string.quoted.double.kicad-dru meta.embedded.expression.kicad-dru meta.embedded.expression.kicad-dru punctuation.section.parens.begin.kicad-dru
#                                  ^ source.kicad-dru meta.rule.kicad-dru meta.condition.kicad-dru string.quoted.double.kicad-dru meta.embedded.expression.kicad-dru meta.embedded.expression.kicad-dru string.quoted.single.kicad-dru punctuation.definition.string.begin.kicad-dru
#                                   ^^ source.kicad-dru meta.rule.kicad-dru meta.condition.kicad-dru string.quoted.double.kicad-dru meta.embedded.expression.kicad-dru meta.embedded.expression.kicad-dru string.quoted.single.kicad-dru
#                                     ^ source.kicad-dru meta.rule.kicad-dru meta.condition.kicad-dru string.quoted.double.kicad-dru meta.embedded.expression.kicad-dru meta.embedded.expression.kicad-dru string.quoted.single.kicad-dru punctuation.definition.string.end.kicad-dru
#                                      ^ source.kicad-dru meta.rule.kicad-dru meta.condition.kicad-dru string.quoted.double.kicad-dru meta.embedded.expression.kicad-dru meta.embedded.expression.kicad-dru punctuation.section.parens.end.kicad-dru
#                                       ^ source.kicad-dru meta.rule.kicad-dru meta.condition.kicad-dru string.quoted.double.kicad-dru meta.embedded.expression.kicad-dru punctuation.definition.string.end.kicad-dru
#                                        ^ source.kicad-dru meta.rule.kicad-dru meta.condition.kicad-dru punctuation.section.parens.end.kicad-dru
>    (constraint stub_length (max 0.5mm)))
#^^^^ source.kicad-dru meta.rule.kicad-dru
#    ^ source.kicad-dru meta.rule.kicad-dru meta.constraint.kicad-dru punctuation.section.parens.begin.kicad-dru
#     ^^^^^^^^^^ source.kicad-dru meta.rule.kicad-dru meta.constraint.kicad-dru keyword.control.constraint.kicad-dru
#               ^ source.kicad-dru meta.rule.kicad-dru meta.constraint.kicad-dru
#                ^^^^^^^^^^^ source.kicad-dru meta.rule.kicad-dru meta.constraint.kicad-dru support.type.constraint.kicad-dru
#                           ^ source.kicad-dru meta.rule.kicad-dru meta.constraint.kicad-dru
#                            ^ source.kicad-dru meta.rule.kicad-dru meta.constraint.kicad-dru meta.bound.kicad-dru punctuation.section.parens.begin.kicad-dru
#                             ^^^ source.kicad-dru meta.rule.kicad-dru meta.constraint.kicad-dru meta.bound.kicad-dru keyword.other.bound.kicad-dru
#                                ^ source.kicad-dru meta.rule.kicad-dru meta.constraint.kicad-dru meta.bound.kicad-dru
#                                 ^^^ source.kicad-dru meta.rule.kicad-dru meta.constraint.kicad-dru meta.bound.kicad-dru constant.numeric.kicad-dru
#                                    ^^ source.kicad-dru meta.rule.kicad-dru meta.constraint.kicad-dru meta.bound.kicad-dru keyword.other.unit.kicad-dru
#                                      ^ source.kicad-dru meta.rule.kicad-dru meta.constraint.kicad-dru meta.bound.kicad-dru punctuation.section.parens.end.kicad-dru
#                                       ^ source.kicad-dru meta.rule.kicad-dru meta.constraint.kicad-dru punctuation.section.parens.end.kicad-dru
#                                        ^ source.kicad-dru meta.rule.kicad-dru punctuation.section.parens.end.kicad-dru
>
>(rule "return path"
#^ source.kicad-dru meta.rule.kicad-dru punctuation.section.parens.begin.kicad-dru
# ^^^^ source.kicad-dru meta.rule.kicad-dru keyword.control.rule.kicad-dru
#     ^ source.kicad-dru meta.rule.kicad-dru
#      ^^^^^^^^^^^^^ source.kicad-dru meta.rule.kicad-dru entity.name.section.rule.kicad-dru
>    (condition "A.NetClass == 'HS'")
#^^^^ source.kicad-dru meta.rule.kicad-dru
#    ^ source.kicad-dru meta.rule.kicad-dru meta.condition.kicad-dru punctuation.section.parens.begin.kicad-dru
#     ^^^^^^^^^ source.kicad-dru meta.rule.kicad-dru meta.condition.kicad-dru keyword.control.condition.kicad-dru
#              ^ source.kicad-dru meta.rule.kicad-dru meta.condition.kicad-dru
#               ^ source.kicad-dru meta.rule.kicad-dru meta.condition.kicad-dru string.quoted.double.kicad-dru meta.embedded.expression.kicad-dru punctuation.definition.string.begin.kicad-dru
#                ^ source.kicad-dru meta.rule.kicad-dru meta.condition.kicad-dru string.quoted.double.kicad-dru meta.embedded.expression.kicad-dru meta.embedded.expression.kicad-dru variable.language.accessor.kicad-dru
#                 ^ source.kicad-dru meta.rule.kicad-dru meta.condition.kicad-dru string.quoted.double.kicad-dru meta.embedded.expression.kicad-dru meta.embedded.expression.kicad-dru punctuation.accessor.kicad-dru
#                  ^^^^^^^^ source.kicad-dru meta.rule.kicad-dru meta.condition.kicad-dru string.quoted.double.kicad-dru meta.embedded.expression.kicad-dru meta.embedded.expression.kicad-dru support.variable.property.kicad-dru
#                          ^ source.kicad-dru meta.rule.kicad-dru meta.condition.kicad-dru string.quoted.double.kicad-dru meta.embedded.expression.kicad-dru meta.embedded.expression.kicad-dru
#                           ^^ source.kicad-dru meta.rule.kicad-dru meta.condition.kicad-dru string.quoted.double.kicad-dru meta.embedded.expression.kicad-dru meta.embedded.expression.kicad-dru keyword.operator.comparison.kicad-dru
#                             ^ source.kicad-dru meta.rule.kicad-dru meta.condition.kicad-dru string.quoted.double.kicad-dru meta.embedded.expression.kicad-dru meta.embedded.expression.kicad-dru
#                              ^ source.kicad-dru meta.rule.kicad-dru meta.condition.kicad-dru string.quoted.double.kicad-dru meta.embedded.expression.kicad-dru meta.embedded.expression.kicad-dru string.quoted.single.kicad-dru punctuation.definition.string.begin.kicad-dru
#                               ^^ source.kicad-dru meta.rule.kicad-dru meta.condition.kicad-dru string.quoted.double.kicad-dru meta.embedded.expression.kicad-dru meta.embedded.expression.kicad-dru string.quoted.single.kicad-dru
#                                 ^ source.kicad-dru meta.rule.kicad-dru meta.condition.kicad-dru string.quoted.double.kicad-dru meta.embedded.expression.kicad-dru meta.embedded.expression.kicad-dru string.quoted.single.kicad-dru punctuation.definition.string.end.kicad-dru
#                                  ^ source.kicad-dru meta.rule.kicad-dru meta.condition.kicad-dru string.quoted.double.kicad-dru meta.embedded.expression.kicad-dru punctuation.definition.string.end.kicad-dru
#                                   ^ source.kicad-dru meta.rule.kicad-dru meta.condition.kicad-dru punctuation.section.parens.end.kicad-dru
>    (constraint return_path (layer "B.Cu") (net "GND")))
#^^^^ source.kicad-dru meta.rule.kicad-dru
#    ^ source.kicad-dru meta.rule.kicad-dru meta.constraint.return-path.kicad-dru punctuation.section.parens.begin.kicad-dru
#     ^^^^^^^^^^ source.kicad-dru meta.rule.kicad-dru meta.constraint.return-path.kicad-dru keyword.control.constraint.kicad-dru
#               ^ source.kicad-dru meta.rule.kicad-dru meta.constraint.return-path.kicad-dru
#                ^^^^^^^^^^^ source.kicad-dru meta.rule.kicad-dru meta.constraint.return-path.kicad-dru support.type.constraint.kicad-dru
#                           ^ source.kicad-dru meta.rule.kicad-dru meta.constraint.return-path.kicad-dru
#                            ^ source.kicad-dru meta.rule.kicad-dru meta.constraint.return-path.kicad-dru meta.layer.kicad-dru punctuation.section.parens.begin.kicad-dru
#                             ^^^^^ source.kicad-dru meta.rule.kicad-dru meta.constraint.return-path.kicad-dru meta.layer.kicad-dru keyword.control.layer.kicad-dru
#                                  ^ source.kicad-dru meta.rule.kicad-dru meta.constraint.return-path.kicad-dru meta.layer.kicad-dru
#                                   ^ source.kicad-dru meta.rule.kicad-dru meta.constraint.return-path.kicad-dru meta.layer.kicad-dru string.quoted.double.kicad-dru punctuation.definition.string.begin.kicad-dru
#                                    ^^^^ source.kicad-dru meta.rule.kicad-dru meta.constraint.return-path.kicad-dru meta.layer.kicad-dru string.quoted.double.kicad-dru constant.language.layer.kicad-dru
#                                        ^ source.kicad-dru meta.rule.kicad-dru meta.constraint.return-path.kicad-dru meta.layer.kicad-dru string.quoted.double.kicad-dru punctuation.definition.string.end.kicad-dru
#                                         ^ source.kicad-dru meta.rule.kicad-dru meta.constraint.return-path.kicad-dru meta.layer.kicad-dru punctuation.section.parens.end.kicad-dru
#                                          ^ source.kicad-dru meta.rule.kicad-dru meta.constraint.return-path.kicad-dru
#                                           ^ source.kicad-dru meta.rule.kicad-dru meta.constraint.return-path.kicad-dru meta.net.kicad-dru punctuation.section.parens.begin.kicad-dru
#                                            ^^^ source.kicad-dru meta.rule.kicad-dru meta.constraint.return-path.kicad-dru meta.net.kicad-dru keyword.control.net.kicad-dru
#                                               ^ source.kicad-dru meta.rule.kicad-dru meta.constraint.return-path.kicad-dru meta.net.kicad-dru
#                                                ^ source.kicad-dru meta.rule.kicad-dru meta.constraint.return-path.kicad-dru meta.net.kicad-dru string.quoted.double.kicad-dru punctuation.definition.string.begin.kicad-dru
#                                                 ^^^ source.kicad-dru meta.rule.kicad-dru meta.constraint.return-path.kicad-dru meta.net.kicad-dru string.quoted.double.kicad-dru
#                                                    ^ source.kicad-dru meta.rule.kicad-dru meta.constraint.return-path.kicad-dru meta.net.kicad-dru string.quoted.double.kicad-dru punctuation.definition.string.end.kicad-dru
#                                                     ^ source.kicad-dru meta.rule.kicad-dru meta.constraint.return-path.kicad-dru meta.net.kicad-dru punctuation.section.parens.end.kicad-dru
#                                                      ^ source.kicad-dru meta.rule.kicad-dru meta.constraint.return-path.kicad-dru punctuation.section.parens.end.kicad-dru
#                                                       ^ source.kicad-dru meta.rule.kicad-dru punctuation.section.parens.end.kicad-dru
>